2016-09-23 21:57:11,190 - mylogger - INFO - foorbar
2016-09-23 21:57:30,798 - mylogger - INFO - foorbar
2016-09-24 14:11:42,470 - mylogger - INFO - foorbar
2016-09-24 14:24:17,249 - mylogger - INFO - foorbar
2016-09-24 14:25:52,934 - mylogger - INFO - foorbar
